INFO:     Started server process [26052]
INFO:     Waiting for application startup.
INFO:     Application startup complete.
INFO:     Uvicorn running on http://127.0.0.1:8000 (Press CTRL+C to quit)
  0%|          | 0/1502 [00:00<?, ?frames/s]100%|##########| 1502/1502 [00:07<00:00, 199.46frames/s]100%|##########| 1502/1502 [00:07<00:00, 199.24frames/s]
Loading weights:   0%|          | 0/788 [00:00<?, ?it/s]Loading weights:  29%|##9       | 229/788 [00:00<00:00, 2288.86it/s]Loading weights: 100%|##########| 788/788 [00:00<00:00, 4624.09it/s]
[1mBlipForQuestionAnswering LOAD REPORT[0m from: Salesforce/blip-vqa-base
Key                                       | Status     |  | 
------------------------------------------+------------+--+-
text_decoder.bert.embeddings.position_ids | UNEXPECTED |  | 
text_encoder.embeddings.position_ids      | UNEXPECTED |  | 

Notes:
- UNEXPECTED:	can be ignored when loading from different task/architecture; not ok if you expect identical arch.
Loading weights:   0%|          | 0/473 [00:00<?, ?it/s]Loading weights: 100%|##########| 473/473 [00:00<00:00, 20085.51it/s]
[1mBlipForConditionalGeneration LOAD REPORT[0m from: Salesforce/blip-image-captioning-base
Key                                       | Status     |  | 
------------------------------------------+------------+--+-
text_decoder.bert.embeddings.position_ids | UNEXPECTED |  | 

Notes:
- UNEXPECTED:	can be ignored when loading from different task/architecture; not ok if you expect identical arch.
  0%|          | 0/6806 [00:00<?, ?frames/s] 41%|####1     | 2800/6806 [00:06<00:09, 413.84frames/s] 79%|#######8  | 5364/6806 [00:10<00:02, 510.55frames/s]100%|##########| 6806/6806 [00:13<00:00, 538.14frames/s]100%|##########| 6806/6806 [00:13<00:00, 513.54frames/s]
  0%|          | 0/5857 [00:00<?, ?frames/s] 50%|####9     | 2900/5857 [00:07<00:07, 369.86frames/s]100%|##########| 5857/5857 [00:16<00:00, 352.83frames/s]100%|##########| 5857/5857 [00:16<00:00, 355.10frames/s]
