INFO:     Started server process [10348]
INFO:     Waiting for application startup.
INFO:     Application startup complete.
INFO:     Uvicorn running on http://127.0.0.1:8000 (Press CTRL+C to quit)
Loading weights:   0%|          | 0/473 [00:00<?, ?it/s]Loading weights: 100%|##########| 473/473 [00:00<00:00, 16919.87it/s]
[1mBlipForConditionalGeneration LOAD REPORT[0m from: Salesforce/blip-image-captioning-base
Key                                       | Status     |  | 
------------------------------------------+------------+--+-
text_decoder.bert.embeddings.position_ids | UNEXPECTED |  | 

Notes:
- UNEXPECTED:	can be ignored when loading from different task/architecture; not ok if you expect identical arch.
Warning: You are sending unauthenticated requests to the HF Hub. Please set a HF_TOKEN to enable higher rate limits and faster downloads.
Loading weights:   0%|          | 0/788 [00:00<?, ?it/s]Loading weights:  25%|##5       | 197/788 [00:00<00:00, 1949.88it/s]Loading weights: 100%|##########| 788/788 [00:00<00:00, 4627.10it/s]
[1mBlipForQuestionAnswering LOAD REPORT[0m from: Salesforce/blip-vqa-base
Key                                       | Status     |  | 
------------------------------------------+------------+--+-
text_decoder.bert.embeddings.position_ids | UNEXPECTED |  | 
text_encoder.embeddings.position_ids      | UNEXPECTED |  | 

Notes:
- UNEXPECTED:	can be ignored when loading from different task/architecture; not ok if you expect identical arch.
  0%|          | 0/4397 [00:00<?, ?frames/s] 50%|#####     | 2200/4397 [00:02<00:02, 1009.51frames/s]100%|##########| 4397/4397 [00:06<00:00, 609.50frames/s] 100%|##########| 4397/4397 [00:06<00:00, 647.90frames/s]
  0%|          | 0/1502 [00:00<?, ?frames/s]100%|##########| 1502/1502 [00:03<00:00, 423.59frames/s]100%|##########| 1502/1502 [00:03<00:00, 422.63frames/s]
