INFO:     Started server process [23536]
INFO:     Waiting for application startup.
INFO:     Application startup complete.
INFO:     Uvicorn running on http://127.0.0.1:8000 (Press CTRL+C to quit)
Warning: You are sending unauthenticated requests to the HF Hub. Please set a HF_TOKEN to enable higher rate limits and faster downloads.
Loading weights:   0%|          | 0/103 [00:00<?, ?it/s]Loading weights: 100%|##########| 103/103 [00:00<00:00, 3514.85it/s]
[1mBertModel LOAD REPORT[0m from: sentence-transformers/all-MiniLM-L6-v2
Key                     | Status     |  | 
------------------------+------------+--+-
embeddings.position_ids | UNEXPECTED |  | 

Notes:
- UNEXPECTED:	can be ignored when loading from different task/architecture; not ok if you expect identical arch.
Loading weights:   0%|          | 0/473 [00:00<?, ?it/s]Loading weights: 100%|##########| 473/473 [00:00<00:00, 12658.19it/s]
[1mBlipForConditionalGeneration LOAD REPORT[0m from: Salesforce/blip-image-captioning-base
Key                                       | Status     |  | 
------------------------------------------+------------+--+-
text_decoder.bert.embeddings.position_ids | UNEXPECTED |  | 

Notes:
- UNEXPECTED:	can be ignored when loading from different task/architecture; not ok if you expect identical arch.
Loading weights:   0%|          | 0/788 [00:00<?, ?it/s]Loading weights:  15%|#4        | 117/788 [00:00<00:00, 1159.34it/s]Loading weights:  33%|###2      | 258/788 [00:00<00:00, 1302.61it/s]Loading weights: 100%|##########| 788/788 [00:00<00:00, 2928.05it/s]
[1mBlipForQuestionAnswering LOAD REPORT[0m from: Salesforce/blip-vqa-base
Key                                       | Status     |  | 
------------------------------------------+------------+--+-
text_decoder.bert.embeddings.position_ids | UNEXPECTED |  | 
text_encoder.embeddings.position_ids      | UNEXPECTED |  | 

Notes:
- UNEXPECTED:	can be ignored when loading from different task/architecture; not ok if you expect identical arch.
